usage: bench_mac_vs_flashinfer_direct.py [-h] [--contexts CONTEXTS]
                                         [--batch BATCH]
                                         [--hit-rates HIT_RATES]
                                         [--tile-tokens TILE_TOKENS]
                                         [--capacity CAPACITY]
                                         [--semantic-pos-ahead SEMANTIC_POS_AHEAD]
                                         [--match-tile-slots MATCH_TILE_SLOTS]
                                         [--max-context MAX_CONTEXT]
                                         [--threshold THRESHOLD]
                                         [--lookback-right LOOKBACK_RIGHT]
                                         [--hq HQ] [--hkv HKV] [--dim DIM]
                                         [--warmup WARMUP] [--iters ITERS]
                                         [--debug DEBUG]
                                         [--flashinfer-baseline-timing {run_event,plan_run_event,plan_run_wall}]
                                         [--partial-fp32 | --no-partial-fp32]
                                         [--mac-fast-math | --no-mac-fast-math]
                                         [--bench-mode BENCH_MODE]
                                         [--bench-hit-rate-std BENCH_HIT_RATE_STD]
                                         [--bench-skip-ratio BENCH_SKIP_RATIO]
                                         [--bench-skip-ratio-std BENCH_SKIP_RATIO_STD]
                                         [--bench-match-lag-mean BENCH_MATCH_LAG_MEAN]
                                         [--bench-match-lag-std BENCH_MATCH_LAG_STD]
                                         [--bench-seed BENCH_SEED]
                                         [--bench-miss-masks BENCH_MISS_MASKS]
                                         [--synthetic-cache-pattern {faithful,all_hit,all_miss}]
                                         --csv CSV
bench_mac_vs_flashinfer_direct.py: error: unrecognized arguments: 98304 126976 0.1 0.2 0.3 0.4 0.5 0.6 0.7 0.8 0.875 0.9 0.95 0.96875 1.0 --concurrency 1 --page-size 1 --kv-layout NHD --repeats 4 --measure-plan
