/home/users/jyao/miniconda3/envs/macAttention_latest/lib/python3.12/site-packages/torch/cuda/__init__.py:180: UserWarning: CUDA initialization: CUDA unknown error - this may be due to an incorrectly set up environment, e.g. changing env variable CUDA_VISIBLE_DEVICES after program start. Setting the available devices to be zero. (Triggered internally at /pytorch/c10/cuda/CUDAFunctions.cpp:119.)
  return torch._C._cuda_getDeviceCount() > 0
W0519 09:57:59.042000 3837719 /storage/users/jyao/miniconda3/envs/macAttention_latest/lib/python3.12/site-packages/torch/utils/cpp_extension.py:140] No CUDA runtime is found, using CUDA_HOME='/packages/cuda/13.0.0'
/storage/users/jyao/ai_general_research/minorTest/OFFICIAL_GITHUB/sglang/python/sglang/srt/layers/attention/fla/utils.py:223: UserWarning: Triton is not supported on current platform, roll back to CPU.
  warnings.warn(
/storage/users/jyao/ai_general_research/minorTest/OFFICIAL_GITHUB/sglang/python/sglang/srt/layers/quantization/awq/awq.py:52: UserWarning: Only CUDA, HIP and XPU support AWQ currently.
  warnings.warn(f"Only CUDA, HIP and XPU support AWQ currently.")
/storage/users/jyao/ai_general_research/minorTest/OFFICIAL_GITHUB/sglang/python/sglang/srt/layers/quantization/gguf.py:64: UserWarning: Only CUDA, MUSA and NPU support GGUF quantization currently.
  warnings.warn(f"Only CUDA, MUSA and NPU support GGUF quantization currently.")
Traceback (most recent call last):
  File "<frozen runpy>", line 198, in _run_module_as_main
  File "<frozen runpy>", line 88, in _run_code
  File "/storage/users/jyao/ai_general_research/minorTest/mac_att_tuning/attention/src/mac_attention/integrations/sglang/launch_server.py", line 79, in <module>
    main()
  File "/storage/users/jyao/ai_general_research/minorTest/mac_att_tuning/attention/src/mac_attention/integrations/sglang/launch_server.py", line 62, in main
    server_args = prepare_server_args(list(sys.argv[1:] if argv is None else argv))
                  ^^^^^^^^^^^^^^^^^^^^^^^^^^^^^^^^^^^^^^^^^^^^^^^^^^^^^^^^^^^^^^^^^
  File "/storage/users/jyao/ai_general_research/minorTest/OFFICIAL_GITHUB/sglang/python/sglang/srt/server_args.py", line 7349, in prepare_server_args
    return ServerArgs.from_cli_args(raw_args)
           ^^^^^^^^^^^^^^^^^^^^^^^^^^^^^^^^^^
  File "/storage/users/jyao/ai_general_research/minorTest/mac_att_tuning/attention/src/mac_attention/integrations/sglang/hook_installer.py", line 238, in wrapped
    result = original_fn(*args, **kwargs)
             ^^^^^^^^^^^^^^^^^^^^^^^^^^^^
  File "/storage/users/jyao/ai_general_research/minorTest/OFFICIAL_GITHUB/sglang/python/sglang/srt/server_args.py", line 6746, in from_cli_args
    return cls(**{attr: getattr(args, attr) for attr in attrs})
           ^^^^^^^^^^^^^^^^^^^^^^^^^^^^^^^^^^^^^^^^^^^^^^^^^^^^
  File "<string>", line 384, in __init__
  File "/storage/users/jyao/ai_general_research/minorTest/mac_att_tuning/attention/src/mac_attention/integrations/sglang/hook_installer.py", line 238, in wrapped
    result = original_fn(*args, **kwargs)
             ^^^^^^^^^^^^^^^^^^^^^^^^^^^^
  File "/storage/users/jyao/ai_general_research/minorTest/OFFICIAL_GITHUB/sglang/python/sglang/srt/server_args.py", line 870, in __post_init__
    self._handle_missing_default_values()
  File "/storage/users/jyao/ai_general_research/minorTest/OFFICIAL_GITHUB/sglang/python/sglang/srt/server_args.py", line 1144, in _handle_missing_default_values
    self.device = get_device()
                  ^^^^^^^^^^^^
  File "/storage/users/jyao/ai_general_research/minorTest/OFFICIAL_GITHUB/sglang/python/sglang/srt/utils/common.py", line 1997, in get_device
    raise RuntimeError("No accelerator (CUDA, XPU, HPU, NPU, MUSA, MPS) is available.")
RuntimeError: No accelerator (CUDA, XPU, HPU, NPU, MUSA, MPS) is available.
